Archive member included to satisfy reference by file (symbol)

./build/libshell.a(console.o)
                              /tmp/ccaAoCVE.o (shell_init)
./build/libshell.a(parser.o)  ./build/libshell.a(console.o) (parser)
./build/libshell.a(cmd.o)     ./build/libshell.a(console.o) (commands)
./build/libapp.a(app.o)       /tmp/ccaAoCVE.o (app_init)
./build/libapp.a(tcpecho.o)   ./build/libshell.a(cmd.o) (cmd_echo)
./build/libapp.a(ping.o)      ./build/libshell.a(cmd.o) (cmd_ping)
./build/libapp.a(cmdnet.o)    ./build/libshell.a(cmd.o) (cmd_net)
./build/libapp.a(cmdduktape.o)
                              ./build/libshell.a(cmd.o) (cmd_duk)
./build/libapp.a(duktape.o)   ./build/libapp.a(cmdduktape.o) (duk_push_lstring)
./build/libapp.a(cmdfs.o)     ./build/libshell.a(cmd.o) (cmd_dir)
./build/libsys.a(sys.o)       ./build/libapp.a(ping.o) (debug_flags)
./build/libsys.a(util.o)      ./build/libapp.a(cmdfs.o) (dump_frame)
./build/libsys.a(xmodem.o)    ./build/libsys.a(sys.o) (xmodemReceive)
./build/libsys.a(crc16.o)     ./build/libsys.a(xmodem.o) (crc16_ccitt)
./build/liblwip.a(network.o)  /tmp/ccaAoCVE.o (LwIP_Init)
./build/liblwip.a(sys_arch.o)
                              ./build/liblwip.a(network.o) (sys_sem_new)
./build/liblwip.a(sockets.o)  ./build/libapp.a(tcpecho.o) (lwip_accept)
./build/liblwip.a(tcpip.o)    ./build/liblwip.a(sockets.o) (lock_tcpip_core)
./build/liblwip.a(def.o)      ./build/libapp.a(tcpecho.o) (lwip_htons)
./build/liblwip.a(inet_chksum.o)
                              ./build/libapp.a(ping.o) (inet_chksum)
./build/liblwip.a(init.o)     ./build/liblwip.a(tcpip.o) (lwip_init)
./build/liblwip.a(mem.o)      ./build/liblwip.a(init.o) (mem_init)
./build/liblwip.a(memp.o)     ./build/liblwip.a(init.o) (memp_init)
./build/liblwip.a(netif.o)    ./build/liblwip.a(network.o) (netif_list)
./build/liblwip.a(pbuf.o)     ./build/liblwip.a(sockets.o) (pbuf_alloc)
./build/liblwip.a(raw.o)      ./build/liblwip.a(netif.o) (raw_netif_ip_addr_changed)
./build/liblwip.a(tcp.o)      ./build/liblwip.a(pbuf.o) (tcp_active_pcbs)
./build/liblwip.a(tcp_in.o)   ./build/liblwip.a(tcp.o) (tcp_input_pcb)
./build/liblwip.a(tcp_out.o)  ./build/liblwip.a(tcp.o) (tcp_send_fin)
./build/liblwip.a(timeouts.o)
                              ./build/liblwip.a(tcp.o) (tcp_timer_needed)
./build/liblwip.a(udp.o)      ./build/liblwip.a(init.o) (udp_init)
./build/liblwip.a(dhcp.o)     ./build/liblwip.a(timeouts.o) (dhcp_coarse_tmr)
./build/liblwip.a(etharp.o)   ./build/liblwip.a(timeouts.o) (etharp_tmr)
./build/liblwip.a(icmp.o)     ./build/liblwip.a(udp.o) (icmp_dest_unreach)
./build/liblwip.a(ip4.o)      ./build/liblwip.a(raw.o) (ip4_route)
./build/liblwip.a(ip4_addr.o)
                              ./build/liblwip.a(netif.o) (ip_addr_any)
./build/liblwip.a(ip4_frag.o)
                              ./build/liblwip.a(timeouts.o) (ip_reass_tmr)
./build/liblwip.a(ppp.o)      ./build/libsys.a(sys.o) (ppp_set_auth)
./build/liblwip.a(pppos.o)    ./build/liblwip.a(ppp.o) (memp_PPPOS_PCB)
./build/liblwip.a(upap.o)     ./build/liblwip.a(ppp.o) (pap_protent)
./build/liblwip.a(utils.o)    ./build/liblwip.a(upap.o) (ppp_slprintf)
./build/liblwip.a(vj.o)       ./build/liblwip.a(ppp.o) (vj_compress_init)
./build/liblwip.a(ethernet.o)
                              ./build/liblwip.a(etharp.o) (ethbroadcast)
./build/liblwip.a(api_lib.o)  ./build/liblwip.a(sockets.o) (netconn_new_with_proto_and_callback)
./build/liblwip.a(api_msg.o)  ./build/liblwip.a(api_lib.o) (netconn_aborted)
./build/liblwip.a(err.o)      ./build/liblwip.a(sockets.o) (err_to_errno)
./build/liblwip.a(netbuf.o)   ./build/liblwip.a(sockets.o) (netbuf_new)
./build/liblwip.a(ip.o)       ./build/liblwip.a(raw.o) (ip_data)
./build/liblwip.a(auth.o)     ./build/liblwip.a(ppp.o) (link_terminated)
./build/liblwip.a(chap-new.o)
                              ./build/liblwip.a(auth.o) (chap_auth_peer)
./build/liblwip.a(ipcp.o)     ./build/liblwip.a(ppp.o) (ipcp_protent)
./build/liblwip.a(lcp.o)      ./build/liblwip.a(ppp.o) (lcp_protent)
./build/liblwip.a(magic.o)    ./build/liblwip.a(ppp.o) (magic_init)
./build/liblwip.a(md5.o)      ./build/liblwip.a(magic.o) (md5_starts)
./build/liblwip.a(chap-md5.o)
                              ./build/liblwip.a(chap-new.o) (md5_digest)
./build/liblwip.a(fsm.o)      ./build/liblwip.a(ipcp.o) (fsm_init)
./build/libfreertos.a(AsyncIO.o)
                              ./build/libshell.a(console.o) (lAsyncIORegisterCallback)
./build/libfreertos.a(AsyncIOSerial.o)
                              ./build/libsys.a(sys.o) (lAsyncIOSerialOpen)
./build/libfreertos.a(croutine.o)
                              /tmp/ccaAoCVE.o (vCoRoutineSchedule)
./build/libfreertos.a(list.o)
                              ./build/libfreertos.a(croutine.o) (vListInitialise)
./build/libfreertos.a(queue.o)
                              ./build/libshell.a(console.o) (xQueueCreate)
./build/libfreertos.a(tasks.o)
                              /tmp/ccaAoCVE.o (xTaskGenericCreate)
[...]
Memory Configuration

Name             Origin             Length             Attributes
*default*        0x00000000         0xffffffff

Linker script and memory map

LOAD /usr/lib/gcc/arm-linux-gnueabihf/4.9/../../../arm-linux-gnueabihf/crt1.o
LOAD /usr/lib/gcc/arm-linux-gnueabihf/4.9/../../../arm-linux-gnueabihf/crti.o
LOAD /usr/lib/gcc/arm-linux-gnueabihf/4.9/crtbegin.o
LOAD /tmp/ccaAoCVE.o
LOAD ./build/libshell.a
LOAD ./build/libapp.a
LOAD ./build/libsys.a
LOAD ./build/liblwip.a
LOAD ./build/libfreertos.a
LOAD ./build/libfatfs.a
LOAD /usr/lib/gcc/arm-linux-gnueabihf/4.9/../../../arm-linux-gnueabihf/libpthread.so
START GROUP
LOAD /lib/arm-linux-gnueabihf/libpthread.so.0
LOAD /usr/lib/arm-linux-gnueabihf/libpthread_nonshared.a
END GROUP
LOAD /usr/lib/gcc/arm-linux-gnueabihf/4.9/../../../arm-linux-gnueabihf/libm.so
LOAD /usr/lib/gcc/arm-linux-gnueabihf/4.9/libgcc.a
LOAD /usr/lib/gcc/arm-linux-gnueabihf/4.9/libgcc_s.so
START GROUP
LOAD /usr/lib/gcc/arm-linux-gnueabihf/4.9/libgcc_s.so.1
LOAD /usr/lib/gcc/arm-linux-gnueabihf/4.9/libgcc.a
END GROUP
LOAD /usr/lib/gcc/arm-linux-gnueabihf/4.9/../../../arm-linux-gnueabihf/libc.so
START GROUP
LOAD /lib/arm-linux-gnueabihf/libc.so.6
LOAD /usr/lib/arm-linux-gnueabihf/libc_nonshared.a
LOAD /lib/arm-linux-gnueabihf/ld-linux-armhf.so.3
END GROUP
LOAD /usr/lib/gcc/arm-linux-gnueabihf/4.9/libgcc.a
LOAD /usr/lib/gcc/arm-linux-gnueabihf/4.9/libgcc_s.so
START GROUP
LOAD /usr/lib/gcc/arm-linux-gnueabihf/4.9/libgcc_s.so.1
LOAD /usr/lib/gcc/arm-linux-gnueabihf/4.9/libgcc.a
END GROUP
LOAD /usr/lib/gcc/arm-linux-gnueabihf/4.9/crtend.o
LOAD /usr/lib/gcc/arm-linux-gnueabihf/4.9/../../../arm-linux-gnueabihf/crtn.o
                0x00010000                PROVIDE (__executable_start, 0x10000)
                0x00010134                . = (0x10000 + SIZEOF_HEADERS)

.interp         0x00010134       0x19
 *(.interp)
 .interp        0x00010134       0x19 /usr/lib/gcc/arm-linux-gnueabihf/4.9/../../../arm-linux-gnueabihf/crt1.o

.note.ABI-tag   0x00010150       0x20
 .note.ABI-tag  0x00010150       0x20 /usr/lib/gcc/arm-linux-gnueabihf/4.9/../../../arm-linux-gnueabihf/crt1.o

.note.gnu.build-id
                0x00010170       0x24
 *(.note.gnu.build-id)
 .note.gnu.build-id
                0x00010170       0x24 linker stubs

.hash
 *(.hash)

.gnu.hash       0x00010194      0x3f8
 *(.gnu.hash)
 .gnu.hash      0x00010194      0x3f8 /usr/lib/gcc/arm-linux-gnueabihf/4.9/../../../arm-linux-gnueabihf/crt1.o

.dynsym         0x0001058c      0x7e0
 *(.dynsym)
 .dynsym        0x0001058c      0x7e0 /usr/lib/gcc/arm-linux-gnueabihf/4.9/../../../arm-linux-gnueabihf/crt1.o

.dynstr         0x00010d6c      0x4b4
 *(.dynstr)
 .dynstr        0x00010d6c      0x4b4 /usr/lib/gcc/arm-linux-gnueabihf/4.9/../../../arm-linux-gnueabihf/crt1.o

.gnu.version    0x00011220       0xfc
 *(.gnu.version)
 .gnu.version   0x00011220       0xfc /usr/lib/gcc/arm-linux-gnueabihf/4.9/../../../arm-linux-gnueabihf/crt1.o

.gnu.version_d  0x0001131c        0x0
 *(.gnu.version_d)
 .gnu.version_d
                0x0001131c        0x0 /usr/lib/gcc/arm-linux-gnueabihf/4.9/../../../arm-linux-gnueabihf/crt1.o

.gnu.version_r  0x0001131c       0x70
 *(.gnu.version_r)
 .gnu.version_r
                0x0001131c       0x70 /usr/lib/gcc/arm-linux-gnueabihf/4.9/../../../arm-linux-gnueabihf/crt1.o

.rel.dyn        0x0001138c       0x30
 *(.rel.init)
 *(.rel.text .rel.text.* .rel.gnu.linkonce.t.*)
 *(.rel.fini)
 *(.rel.rodata .rel.rodata.* .rel.gnu.linkonce.r.*)
 *(.rel.data.rel.ro .rel.data.rel.ro.* .rel.gnu.linkonce.d.rel.ro.*)
 *(.rel.data .rel.data.* .rel.gnu.linkonce.d.*)
 *(.rel.tdata .rel.tdata.* .rel.gnu.linkonce.td.*)
 *(.rel.tbss .rel.tbss.* .rel.gnu.linkonce.tb.*)
 *(.rel.ctors)
 *(.rel.dtors)
 *(.rel.got)
 .rel.got       0x0001138c        0x8 /usr/lib/gcc/arm-linux-gnueabihf/4.9/../../../arm-linux-gnueabihf/crt1.o
 *(.rel.bss .rel.bss.* .rel.gnu.linkonce.b.*)
 .rel.bss       0x00011394       0x28 /usr/lib/gcc/arm-linux-gnueabihf/4.9/../../../arm-linux-gnueabihf/crt1.o
                0x000113bc                PROVIDE (__rel_iplt_start, .)
 *(.rel.iplt)
 .rel.iplt      0x000113bc        0x0 /usr/lib/gcc/arm-linux-gnueabihf/4.9/../../../arm-linux-gnueabihf/crt1.o
                0x000113bc                PROVIDE (__rel_iplt_end, .)

.rela.dyn       0x000113bc        0x0
 *(.rela.init)
 *(.rela.text .rela.text.* .rela.gnu.linkonce.t.*)
 *(.rela.fini)
 *(.rela.rodata .rela.rodata.* .rela.gnu.linkonce.r.*)
 *(.rela.data .rela.data.* .rela.gnu.linkonce.d.*)
 *(.rela.tdata .rela.tdata.* .rela.gnu.linkonce.td.*)
 *(.rela.tbss .rela.tbss.* .rela.gnu.linkonce.tb.*)
 *(.rela.ctors)
 *(.rela.dtors)
 *(.rela.got)
 *(.rela.bss .rela.bss.* .rela.gnu.linkonce.b.*)
                0x000113bc                PROVIDE (__rela_iplt_start, .)
 *(.rela.iplt)
                0x000113bc                PROVIDE (__rela_iplt_end, .)

.rel.plt        0x000113bc      0x3a8
 *(.rel.plt)
 .rel.plt       0x000113bc      0x3a8 /usr/lib/gcc/arm-linux-gnueabihf/4.9/../../../arm-linux-gnueabihf/crt1.o

.rela.plt
 *(.rela.plt)

.init           0x00011764        0xc
 *(SORT(.init))
 .init          0x00011764        0x8 /usr/lib/gcc/arm-linux-gnueabihf/4.9/../../../arm-linux-gnueabihf/crti.o
                0x00011764                _init
 .init          0x0001176c        0x4 /usr/lib/gcc/arm-linux-gnueabihf/4.9/../../../arm-linux-gnueabihf/crtn.o

.plt            0x00011770      0x590
 *(.plt)
 .plt           0x00011770      0x590 /usr/lib/gcc/arm-linux-gnueabihf/4.9/../../../arm-linux-gnueabihf/crt1.o
                0x00011784                pthread_mutex_unlock@@GLIBC_2.4
                0x00011790                raise@@GLIBC_2.4
                0x0001179c                cfmakeraw@@GLIBC_2.4
                0x000117a8                gmtime_r@@GLIBC_2.4
                0x000117b4                log@@GLIBC_2.4
                0x000117c0                setitimer@@GLIBC_2.4
                0x000117cc                __pthread_register_cancel@@GLIBC_2.4
                0x000117d8                strcmp@@GLIBC_2.4
                0x000117e4                trunc@@GLIBC_2.4
                0x000117f0                times@@GLIBC_2.4
                0x000117fc                printf@@GLIBC_2.4
                0x00011808                fopen@@GLIBC_2.4
                0x00011814                read@@GLIBC_2.4
                0x00011820                pthread_mutex_destroy@@GLIBC_2.4
                0x0001182c                mktime@@GLIBC_2.4
                0x00011838                longjmp@@GLIBC_2.4
                0x00011844                fflush@@GLIBC_2.4
                0x00011850                _setjmp@@GLIBC_2.4
                0x0001185c                memmove@@GLIBC_2.4
                0x00011868                free@@GLIBC_2.4
                0x00011874                fgets@@GLIBC_2.4
                0x00011880                pthread_mutex_lock@@GLIBC_2.4
                0x0001188c                clock_gettime@@GLIBC_2.17
                0x00011898                pthread_self@@GLIBC_2.4
                0x000118a4                memcpy@@GLIBC_2.4
                0x000118b0                tolower@@GLIBC_2.4
                0x000118bc                sigwait@@GLIBC_2.4
                0x000118c8                time@@GLIBC_2.4
                0x000118d4                pthread_mutex_trylock@@GLIBC_2.4
                0x000118e0                pow@@GLIBC_2.4
                0x000118ec                memcmp@@GLIBC_2.4
                0x000118f8                sleep@@GLIBC_2.4
                0x00011904                getitimer@@GLIBC_2.4
                0x00011910                sysconf@@GLIBC_2.4
                0x0001191c                realloc@@GLIBC_2.4
                0x00011928                strptime@@GLIBC_2.4
                0x00011934                __finite@@GLIBC_2.4
                0x00011940                localtime_r@@GLIBC_2.4
                0x0001194c                poll@@GLIBC_2.4
                0x00011958                sigaction@@GLIBC_2.4
                0x00011964                fwrite@@GLIBC_2.4
                0x00011970                strcat@@GLIBC_2.4
                0x0001197c                tcsetattr@@GLIBC_2.4
                0x00011988                strcpy@@GLIBC_2.4
                0x00011994                gettimeofday@@GLIBC_2.4
                0x000119a0                pthread_sigmask@@GLIBC_2.4
                0x000119ac                fread@@GLIBC_2.4
                0x000119b8                sched_yield@@GLIBC_2.4
                0x000119c4                pthread_create@@GLIBC_2.4
                0x000119d0                floor@@GLIBC_2.4
                0x000119dc                acos@@GLIBC_2.4
                0x000119e8                puts@@GLIBC_2.4
                0x000119f4                malloc@@GLIBC_2.4
                0x00011a00                sigaddset@@GLIBC_2.4
                0x00011a0c                __libc_start_main@@GLIBC_2.4
                0x00011a18                strftime@@GLIBC_2.4
                0x00011a24                localtime@@GLIBC_2.4
                0x00011a30                pthread_once@@GLIBC_2.4
                0x00011a48                open@@GLIBC_2.4
                0x00011a54                __ctype_b_loc@@GLIBC_2.4
                0x00011a60                getpid@@GLIBC_2.4
                0x00011a6c                exit@@GLIBC_2.4
                0x00011a78                sin@@GLIBC_2.4
                0x00011a84                __fpclassify@@GLIBC_2.4
                0x00011a90                strlen@@GLIBC_2.4
                0x00011a9c                getopt@@GLIBC_2.4
                0x00011aa8                fprintf@@GLIBC_2.4
                0x00011ab4                fcntl@@GLIBC_2.4
                0x00011ac0                sqrt@@GLIBC_2.4
                0x00011acc                pthread_attr_init@@GLIBC_2.4
                0x00011ad8                sigfillset@@GLIBC_2.4
                0x00011ae4                __errno_location@@GLIBC_2.4
                0x00011af0                snprintf@@GLIBC_2.4
                0x00011afc                __cxa_atexit@@GLIBC_2.4
                0x00011b08                tan@@GLIBC_2.4
                0x00011b14                memset@@GLIBC_2.4
                0x00011b20                __pthread_unregister_cancel@@GLIBC_2.4
                0x00011b2c                putchar@@GLIBC_2.4
                0x00011b38                strncpy@@GLIBC_2.4
                0x00011b44                pthread_cancel@@GLIBC_2.4
                0x00011b50                write@@GLIBC_2.4
                0x00011b5c                sigdelset@@GLIBC_2.4
                0x00011b68                atan@@GLIBC_2.4
                0x00011b74                asin@@GLIBC_2.4
                0x00011b80                __pthread_unwind_next@@GLIBC_2.4
                0x00011b8c                difftime@@GLIBC_2.4
                0x00011b98                __isnan@@GLIBC_2.4
                0x00011ba4                ceil@@GLIBC_2.4
                0x00011bb0                rand@@GLIBC_2.4
                0x00011bbc                pthread_kill@@GLIBC_2.4
                0x00011bc8                fclose@@GLIBC_2.4
                0x00011bd4                pthread_exit@@GLIBC_2.4
                0x00011be0                sigemptyset@@GLIBC_2.4
                0x00011bec                popen@@GLIBC_2.4
                0x00011bf8                toupper@@GLIBC_2.4
                0x00011c04                vfprintf@@GLIBC_2.4
                0x00011c10                __sigsetjmp@@GLIBC_2.4
                0x00011c1c                sscanf@@GLIBC_2.4
                0x00011c28                sprintf@@GLIBC_2.4
                0x00011c34                exp@@GLIBC_2.4
                0x00011c40                vsnprintf@@GLIBC_2.4
                0x00011c4c                atoi@@GLIBC_2.4
                0x00011c58                fmod@@GLIBC_2.4
                0x00011c64                cfsetspeed@@GLIBC_2.4
                0x00011c70                __signbit@@GLIBC_2.4
                0x00011c7c                pthread_testcancel@@GLIBC_2.4
                0x00011c88                isatty@@GLIBC_2.4
                0x00011c94                pthread_attr_setdetachstate@@GLIBC_2.4
                0x00011ca0                fputs@@GLIBC_2.4
                0x00011cac                strncmp@@GLIBC_2.4
                0x00011cb8                abort@@GLIBC_2.4
                0x00011cc4                close@@GLIBC_2.4
                0x00011cd0                atan2@@GLIBC_2.4
                0x00011cdc                cos@@GLIBC_2.4
                0x00011ce8                tcgetattr@@GLIBC_2.4
                0x00011cf4                pclose@@GLIBC_2.4

.iplt           0x00011d00        0x0
 *(.iplt)
 .iplt          0x00011d00        0x0 /usr/lib/gcc/arm-linux-gnueabihf/4.9/../../../arm-linux-gnueabihf/crt1.o

.text           0x00011d00    0xa9b5c
 *(.text.unlikely .text.*_unlikely .text.unlikely.*)
 *(.text.exit .text.exit.*)
 *(.text.startup .text.startup.*)
 *(.text.hot .text.hot.*)
 *(.text .stub .text.* .gnu.linkonce.t.*)
 .text          0x00011d00       0x3c /usr/lib/gcc/arm-linux-gnueabihf/4.9/../../../arm-linux-gnueabihf/crt1.o
                0x00011d00                _start
 .text          0x00011d3c       0x24 /usr/lib/gcc/arm-linux-gnueabihf/4.9/../../../arm-linux-gnueabihf/crti.o
 .text          0x00011d60       0xc8 /usr/lib/gcc/arm-linux-gnueabihf/4.9/crtbegin.o
 .text          0x00011e28       0xbc /tmp/ccaAoCVE.o
                0x00011e28                do_init
                0x00011e6c                main
                0x00011ed4                vApplicationIdleHook
 .text          0x00011ee4      0x974 ./build/libshell.a(console.o)
                0x00011ee4                reset_input_mode
                0x00011f10                set_input_mode
                0x00011fc4                do_command
                0x00012278                console_isr
                0x00012324                do_console
                0x00012804                shell_init
 .text          0x00012858      0x5d8 ./build/libshell.a(parser.o)
                0x00012858                sindex
                0x000128d0                chstore
                0x000129cc                parser
 .text          0x00012e30      0x168 ./build/libshell.a(cmd.o)
                0x00012e30                cmd_help
                0x00012ea8                cmd_quit
                0x00012ed8                cmd_ver
                0x00012f08                cmd_os
 .text          0x00012f98       0x10 ./build/libapp.a(app.o)
                0x00012f98                app_init
 .text          0x00012fa8      0x7b4 ./build/libapp.a(tcpecho.o)
                0x00012fa8                tcpecho_server_handler
                0x00013204                tcpecho_client_handler
                0x000134bc                cmd_echo
                0x000136d0                tcpecho_server_init
 .text          0x0001375c      0x8b8 ./build/libapp.a(ping.o)
                0x00013c2c                ping_thread
                0x00013ee8                cmd_ping
 .text          0x00014014       0x4c ./build/libapp.a(cmdnet.o)
                0x00014014                cmd_net
 .text          0x00014060      0x394 ./build/libapp.a(cmdduktape.o)
                0x00014060                cmd_duk
 *fill*         0x000143f4        0x4 
 .text          0x000143f8    0x58830 ./build/libapp.a(duktape.o)
                0x0001636c                duk_resize_buffer
                0x00016428                duk_steal_buffer
                0x00016518                duk_config_buffer
                0x00017b34                duk_dump_function
                0x00017be8                duk_load_function
                0x00017d5c                duk_call
                0x00017e00                duk_call_method
                0x00017e88                duk_call_prop
                0x00017ed4                duk_pcall
                0x00017f84                duk_pcall_method
                0x00018088                duk_pcall_prop
                0x000180e8                duk_safe_call
                0x00018174                duk_new
                0x000183f8                duk_pnew
                0x00018448                duk_is_constructor_call
                0x00018500                duk_is_strict_call
                0x00018560                duk_get_current_magic
                0x00018618                duk_get_magic
                0x00018720                duk_set_magic
                0x00018ecc                duk_base64_encode
                0x00018fd0                duk_base64_decode
                0x000190f8                duk_hex_encode
                0x000192cc                duk_hex_decode
                0x0001966c                duk_json_encode
                0x000196d8                duk_json_decode
                0x00019724                duk_eval_raw
                0x000199d8                duk_compile_raw
                0x00019ab4                duk_push_context_dump
                0x00019b8c                duk_debugger_attach
                0x00019be8                duk_debugger_detach
                0x00019c38                duk_debugger_cooperate
                0x00019c54                duk_debugger_notify
                0x00019cc0                duk_debugger_pause
                0x00019cdc                duk_create_heap
                0x00019d98                duk_destroy_heap
                0x00019ddc                duk_suspend
                0x00019ee0                duk_resume
                0x00019f6c                duk_set_global_object
                0x0001a188                duk_inspect_value
                0x0001a4cc                duk_inspect_callstack_entry
                0x0001a5d4                duk_alloc_raw
                0x0001a624                duk_free_raw
                0x0001a66c                duk_realloc_raw
                0x0001a6c4                duk_alloc
                0x0001a704                duk_free
                0x0001a73c                duk_realloc
                0x0001a784                duk_get_memory_functions
                0x0001a7f8                duk_gc
                0x0001a83c                duk_get_prop
                0x0001a8a4                duk_get_prop_string
                0x0001a8f4                duk_get_prop_lstring
                0x0001a94c                duk_get_prop_index
                0x0001ab64                duk_put_prop
                0x0001ab98                duk_put_prop_string
                0x0001abec                duk_put_prop_lstring
                0x0001ac48                duk_put_prop_index
                0x0001ad5c                duk_del_prop
                0x0001add4                duk_del_prop_string
                0x0001ae24                duk_del_prop_lstring
                0x0001ae7c                duk_del_prop_index
                0x0001af3c                duk_has_prop
                0x0001afa4                duk_has_prop_string
                0x0001aff4                duk_has_prop_lstring
                0x0001b04c                duk_has_prop_index
                0x0001b35c                duk_get_prop_desc
                0x0001b388                duk_def_prop
                0x0001b5f0                duk_compact
                0x0001b660                duk_enum
                0x0001b6a8                duk_next
                0x0001b6f4                duk_put_function_list
                0x0001b790                duk_put_number_list
                0x0001b83c                duk_get_global_string
                0x0001b898                duk_get_global_lstring
                0x0001b8fc                duk_put_global_string
                0x0001b964                duk_put_global_lstring
                0x0001b9d4                duk_get_prototype
                0x0001ba38                duk_set_prototype
                0x0001baa8                duk_get_finalizer
                0x0001bad4                duk_set_finalizer
                0x0001bd18                duk_normalize_index
                0x0001bdb8                duk_require_normalize_index
                0x0001c02c                duk_is_valid_index
                0x0001c068                duk_require_valid_index
                0x0001c0c0                duk_get_top
                0x0001c178                duk_set_top
                0x0001c364                duk_get_top_index
                0x0001c420                duk_require_top_index
                0x0001c780                duk_check_stack
                0x0001c808                duk_require_stack
                0x0001c888                duk_check_stack_top
                0x0001c8e4                duk_require_stack_top
                0x0001c938                duk_swap
                0x0001c9a0                duk_swap_top
                0x0001c9cc                duk_dup
                0x0001caa8                duk_dup_top
                0x0001cc90                duk_insert
                0x0001cd18                duk_replace
                0x0001cdf4                duk_copy
                0x0001cf0c                duk_remove
                0x0001d024                duk_xcopymove_raw
                0x0001d290                duk_require_undefined
                0x0001d304                duk_require_null
                0x0001d378                duk_get_boolean
                0x0001d3d8                duk_require_boolean
                0x0001d460                duk_get_number
                0x0001d4cc                duk_require_number
                0x0001d558                duk_get_int
                0x0001d58c                duk_get_uint
                0x0001d5c0                duk_require_int
                0x0001d5f4                duk_require_uint
                0x0001d628                duk_get_lstring
                0x0001d6cc                duk_require_lstring
                0x0001d77c                duk_get_string
                0x0001d7fc                duk_require_string
                0x0001d868                duk_get_pointer
                0x0001d8c8                duk_require_pointer
                0x0001da50                duk_get_buffer
                0x0001da8c                duk_require_buffer
                0x0001dcec                duk_get_buffer_data
                0x0001dd30                duk_require_buffer_data
                0x0001e388                duk_get_c_function
                0x0001e410                duk_require_c_function
                0x0001e480                duk_require_function
                0x0001e554                duk_get_context
                0x0001e584                duk_require_context
                0x0001e5b4                duk_get_heapptr
                0x0001e614                duk_require_heapptr
                0x0001e960                duk_get_length
                0x0001ebd0                duk_set_length
                0x0001ecd0                duk_to_undefined
                0x0001ed80                duk_to_null
                0x0001ee30                duk_to_primitive
                0x0001efd4                duk_to_boolean
                0x0001f0b8                duk_to_number
                0x0001f34c                duk_to_int
                0x0001f394                duk_to_uint
                0x0001f3dc                duk_to_int32
                0x0001f4c4                duk_to_uint32
                0x0001f5ac                duk_to_uint16
                0x0001f7a0                duk_to_lstring
                0x0001f814                duk_safe_to_lstring
                0x0001fd04                duk_to_string
                0x0001ffcc                duk_buffer_to_string
                0x0002003c                duk_to_buffer_raw
                0x000201d4                duk_to_pointer
                0x000203cc                duk_to_object
                0x00020770                duk_get_type
                0x00020848                duk_check_type
                0x0002093c                duk_get_type_mask
                0x00020978                duk_check_type_mask
                0x00020a20                duk_is_undefined
                0x00020a58                duk_is_null
                0x00020a90                duk_is_boolean
                0x00020ac8                duk_is_number
                0x00020b18                duk_is_nan
                0x00020b7c                duk_is_string
                0x00020bf4                duk_is_object
                0x00020c2c                duk_is_buffer
                0x00020c64                duk_is_buffer_data
                0x00020cf8                duk_is_pointer
                0x00020d30                duk_is_lightfunc
                0x00020d68                duk_is_symbol
                0x00020dc4                duk_is_array
                0x00020e24                duk_is_function
                0x00020e88                duk_is_c_function
                0x00020ebc                duk_is_ecmascript_function
                0x00020ef0                duk_is_bound_function
                0x00020f24                duk_is_thread
                0x00020f58                duk_is_fixed_buffer
                0x00020fd0                duk_is_dynamic_buffer
                0x00021060                duk_is_external_buffer
                0x000210f0                duk_get_error_code
                0x00021300                duk_push_undefined
                0x00021374                duk_push_null
                0x000213f8                duk_push_boolean
                0x000214a0                duk_push_true
                0x00021528                duk_push_false
                0x000215b0                duk_push_number
                0x00021684                duk_push_int
                0x00021724                duk_push_uint
                0x000217c4                duk_push_nan
                0x0002185c                duk_push_lstring
                0x0002196c                duk_push_string
                0x000219c8                duk_push_pointer
                0x00021c34                duk_push_this
                0x00021d20                duk_push_current_function
                0x00021d74                duk_push_current_thread
                0x00021dcc                duk_push_global_object
                0x00021e54                duk_push_heap_stash
                0x00021e9c                duk_push_global_stash
                0x00021ec4                duk_push_thread_stash
                0x00021f7c                duk_push_vsprintf
                0x0002210c                duk_push_sprintf
                0x000222d0                duk_push_object
                0x0002230c                duk_push_array
                0x000224bc                duk_push_thread_raw
                0x00022938                duk_push_c_function
                0x00022a00                duk_push_c_lightfunc
                0x00022c90                duk_push_buffer_object
                0x00022f04                duk_push_error_object_va_raw
                0x00022fe0                duk_push_error_object_raw
                0x0002303c                duk_push_error_object_stash
                0x000230d4                duk_push_buffer_raw
                0x0002326c                duk_push_heapptr
                0x00023330                duk_push_bare_object
                0x00023520                duk_pop_n
                0x000236b4                duk_pop
                0x00023874                duk_pop_2
                0x00023898                duk_pop_3
                0x00023a4c                duk_throw_raw
                0x00023ab8                duk_fatal_raw
                0x00023afc                duk_error_va_raw
                0x00023b44                duk_error_raw
                0x00023c14                duk_error_stash
                0x00023c48                duk_generic_error_stash
                0x00023c78                duk_eval_error_stash
                0x00023ca8                duk_range_error_stash
                0x00023cd8                duk_reference_error_stash
                0x00023d08                duk_syntax_error_stash
                0x00023d38                duk_type_error_stash
                0x00023d68                duk_uri_error_stash
                0x00023d98                duk_equals
                0x00023e1c                duk_strict_equals
                0x00023e98                duk_samevalue
                0x00023f14                duk_instanceof
                0x000249f8                duk_concat
                0x00024a24                duk_join
                0x00024a50                duk_decode_string
                0x00024afc                duk_map_string
                0x00024c7c                duk_substring
                0x00024d6c                duk_trim
                0x00024f8c                duk_char_code_at
                0x00025000                duk_get_now
                0x00025028                duk_time_to_components
                0x000250e0                duk_components_to_time
 .text          0x0006cc28     0x1418 ./build/libapp.a(cmdfs.o)
                0x0006cc28                cmd_mount
                0x0006cc48                cmd_unmount
                0x0006cc68                cmd_dir
                0x0006d02c                cmd_touch
                0x0006d354                cmd_del
                0x0006d494                cmd_mkdir
                0x0006d538                cmd_cd
                0x0006d600                cmd_pwd
                0x0006d67c                cmd_rename
                0x0006d72c                cmd_stat
                0x0006daac                cmd_cp
                0x0006dc9c                cmd_cat
 .text          0x0006e040     0x1330 ./build/libsys.a(sys.o)
                0x0006e040                _inbyte
                0x0006e0b4                _outbyte
                0x0006e36c                pppos_client_thread
                0x0006e614                pppos_server_thread
                0x0006e92c                exit_u2w
                0x0006e9ac                cmd_info
                0x0006ea90                cmd_on
                0x0006ec2c                cmd_off
                0x0006ec70                cmd_cfg
                0x0006efa0                cmd_xmodem
 .text          0x0006f370     0x1464 ./build/libsys.a(util.o)
                0x0006f370                vMainQueueSendPassed
                0x0006f39c                queue_init
                0x0006f43c                queue_exit
                0x0006f498                queue_put
                0x0006f5b4                queue_get
                0x0006f6bc                queue_peek
                0x0006f7c0                queue_move
                0x0006f900                queue_data_size
                0x0006f9c8                queue_space
                0x0006fa20                queue_reset
                0x0006fa94                fd_set_blocking
                0x0006fb28                get_time_milisec
                0x0006fb88                dump_frame
                0x000704a0                p2p_log_msg
                0x00070650                get_server_ip
 .text          0x000707d4      0x94c ./build/libsys.a(xmodem.o)
                0x0007090c                xmodemReceive
                0x00070cc4                xmodemTransmit
 .text          0x00071120       0x9c ./build/libsys.a(crc16.o)
                0x00071120                crc16_ccitt
 .text          0x000711bc      0x20c ./build/liblwip.a(network.o)
                0x000711f0                LwIP_Init
                0x00071270                netif_info
 .text          0x000713c8      0xa80 ./build/liblwip.a(sys_arch.o)
                0x000713c8                sys_mbox_new
                0x00071420                sys_mbox_free
                0x00071458                sys_mbox_post
                0x000714a4                sys_mbox_trypost
                0x0007150c                sys_arch_mbox_fetch
                0x000715fc                sys_arch_mbox_tryfetch
                0x00071664                sys_mbox_valid
                0x000716a0                sys_mbox_set_invalid
                0x000716c8                sys_sem_new
                0x00071778                sys_arch_sem_wait
                0x00071844                sys_sem_signal
                0x00071878                sys_sem_free
                0x000718a0                sys_sem_valid
                0x000718dc                sys_sem_set_invalid
                0x00071904                sys_init
                0x000719a0                sys_arch_timeouts
                0x00071a38                sys_mutex_new
                0x00071a84                sys_mutex_free
                0x00071ac8                sys_mutex_lock
                0x00071b28                sys_mutex_unlock
                0x00071b78                sys_thread_new
                0x00071c5c                sys_thread_delete
                0x00071dcc                sys_arch_protect
                0x00071de4                sys_arch_unprotect
                0x00071e00                sys_assert
                0x00071e18                sys_now
                0x00071e30                sys_jiffies
 .text          0x00071e48     0x4650 ./build/liblwip.a(sockets.o)
                0x00071e48                lwip_socket_thread_init
                0x00071e5c                lwip_socket_thread_cleanup
                0x00072228                lwip_accept
                0x000726f8                lwip_bind
                0x0007286c                lwip_close
                0x0007299c                lwip_connect
                0x00072b4c                lwip_listen
                0x00072cac                lwip_recvfrom
                0x000732b0                lwip_read
                0x000732fc                lwip_recv
                0x0007334c                lwip_send
                0x000734ac                lwip_sendmsg
                0x000739f0                lwip_sendto
                0x00073c24                lwip_socket
                0x00073d5c                lwip_write
                0x00073d98                lwip_writev
                0x000743a8                lwip_select
                0x00074f0c                lwip_shutdown
                0x0007528c                lwip_getpeername
                0x000752c8                lwip_getsockname
                0x00075304                lwip_getsockopt
                0x00075b00                lwip_setsockopt
                0x00076160                lwip_ioctl
                0x000762b0                lwip_fcntl
 .text          0x00076498      0x6dc ./build/liblwip.a(tcpip.o)
                0x00076604                tcpip_inpkt
                0x000766f0                tcpip_input
                0x0007675c                tcpip_callback_with_block
                0x0007685c                tcpip_send_msg_wait_sem
                0x000768a8                tcpip_api_call
                0x000768f8                tcpip_callbackmsg_new
                0x00076960                tcpip_callbackmsg_delete
                0x00076984                tcpip_trycallback
                0x000769f4                tcpip_init
                0x00076b0c                pbuf_free_callback
                0x00076b40                mem_free_callback
 .text          0x00076b74      0x408 ./build/liblwip.a(def.o)
                0x00076b74                lwip_htons
                0x00076bb0                lwip_htonl
                0x00076c04                lwip_strnstr
                0x00076cd0                lwip_stricmp
                0x00076d90                lwip_strnicmp
                0x00076e68                lwip_itoa
 .text          0x00076f7c      0x8b0 ./build/liblwip.a(inet_chksum.o)
                0x00076f7c                lwip_standard_chksum
                0x00077270                inet_chksum_pseudo
                0x0007734c                ip_chksum_pseudo
                0x000775a4                inet_chksum_pseudo_partial
                0x00077680                ip_chksum_pseudo_partial
                0x000776d4                inet_chksum
                0x00077714                inet_chksum_pbuf
 .text          0x0007782c       0x34 ./build/liblwip.a(init.o)
                0x0007782c                lwip_init
 .text          0x00077860      0xc38 ./build/liblwip.a(mem.o)
                0x00077ab0                mem_init
                0x00077bb4                mem_free
                0x00077d38                mem_trim
                0x000780a4                mem_malloc
                0x00078428                mem_calloc
 .text          0x00078498      0x430 ./build/liblwip.a(memp.o)
                0x00078498                memp_init_pool
                0x00078544                memp_init
                0x00078644                memp_malloc_pool
                0x000786bc                memp_malloc
                0x000787c8                memp_free_pool
                0x00078848                memp_free
 .text          0x000788c8     0x137c ./build/liblwip.a(netif.o)
                0x00078918                netif_init
                0x00078994                netif_input
                0x000789f0                netif_add
                0x00078e78                netif_set_addr
                0x00078f04                netif_remove
                0x0007906c                netif_find
                0x000791bc                netif_set_ipaddr
                0x00079378                netif_set_gw
                0x00079458                netif_set_netmask
                0x00079538                netif_set_default
                0x000795cc                netif_set_up
                0x000796bc                netif_set_down
                0x0007973c                netif_set_status_callback
                0x00079774                netif_set_link_up
                0x000797e0                netif_set_link_down
                0x00079828                netif_loop_output
                0x000799b8                netif_poll
                0x00079b28                netif_name_to_index
                0x00079b74                netif_index_to_name
 .text          0x00079c44     0x2128 ./build/liblwip.a(pbuf.o)
                0x00079d78                pbuf_alloc
                0x0007a328                pbuf_alloced_custom
                0x0007a494                pbuf_realloc
                0x0007a9a4                pbuf_header
                0x0007a9e0                pbuf_header_force
                0x0007aa1c                pbuf_free
                0x0007ac70                pbuf_clen
                0x0007acc4                pbuf_ref
                0x0007ad10                pbuf_cat
                0x0007ae58                pbuf_chain
                0x0007ae88                pbuf_dechain
                0x0007afc0                pbuf_copy
                0x0007b2c8                pbuf_copy_partial
                0x0007b52c                pbuf_skip
                0x0007b570                pbuf_take
                0x0007b79c                pbuf_take_at
                0x0007b8cc                pbuf_coalesce
                0x0007b990                pbuf_get_at
                0x0007b9e4                pbuf_try_get_at
                0x0007ba60                pbuf_put_at
                0x0007badc                pbuf_memcmp
                0x0007bc08                pbuf_memfind
                0x0007bcc8                pbuf_strstr
 .text          0x0007bd6c      0x934 ./build/liblwip.a(raw.o)
                0x0007be08                raw_input
                0x0007bff8                raw_bind
                0x0007c068                raw_connect
                0x0007c0f0                raw_disconnect
                0x0007c130                raw_recv
                0x0007c16c                raw_sendto
                0x0007c23c                raw_sendto_if_src
                0x0007c440                raw_send
                0x0007c47c                raw_remove
                0x0007c530                raw_new
                0x0007c5b4                raw_new_ip_type
                0x0007c5f4                raw_netif_ip_addr_changed
 .text          0x0007c6a0     0x3014 ./build/liblwip.a(tcp.o)
                0x0007c6a0                tcp_init
                0x0007c6b4                tcp_tmr
                0x0007cc60                tcp_close
                0x0007ccb4                tcp_shutdown
                0x0007cdb8                tcp_abandon
                0x0007d02c                tcp_abort
                0x0007d050                tcp_bind
                0x0007d29c                tcp_listen_with_backlog
                0x0007d2d8                tcp_listen_with_backlog_and_err
                0x0007d50c                tcp_update_rcv_ann_wnd
                0x0007d634                tcp_recved
                0x0007d86c                tcp_connect
                0x0007dc44                tcp_slowtmr
                0x0007e60c                tcp_fasttmr
                0x0007e730                tcp_txnow
                0x0007e790                tcp_process_refused_data
                0x0007e900                tcp_segs_free
                0x0007e944                tcp_seg_free
                0x0007e994                tcp_setprio
                0x0007e9c4                tcp_seg_copy
                0x0007ea24                tcp_recv_null
                0x0007ed40                tcp_alloc
                0x0007eed0                tcp_new
                0x0007eeec                tcp_new_ip_type
                0x0007ef1c                tcp_arg
                0x0007ef54                tcp_recv
                0x0007efc8                tcp_sent
                0x0007f03c                tcp_err
                0x0007f0b0                tcp_accept
                0x0007f100                tcp_poll
                0x0007f17c                tcp_pcb_purge
                0x0007f260                tcp_pcb_remove
                0x0007f434                tcp_next_iss
                0x0007f480                tcp_eff_send_mss_netif
                0x0007f5a4                tcp_netif_ip_addr_changed
                0x0007f684                tcp_debug_state_str
 .text          0x0007f6b4     0x4714 ./build/liblwip.a(tcp_in.o)
                0x0007f6b4                tcp_input
                0x00083d98                tcp_trigger_input_pcb_close
 .text          0x00083dc8     0x31ac ./build/liblwip.a(tcp_out.o)
                0x00084084                tcp_send_fin
                0x00084750                tcp_write
                0x0008543c                tcp_enqueue_flags
                0x000857ec                tcp_send_empty_ack
                0x00085990                tcp_output
                0x00086514                tcp_rst
                0x000867ec                tcp_rexmit_rto
                0x000868bc                tcp_rexmit
                0x00086a14                tcp_rexmit_fast
                0x00086b1c                tcp_keepalive
                0x00086c58                tcp_zero_window_probe
 .text          0x00086f74      0x750 ./build/liblwip.a(timeouts.o)
                0x00086fe0                tcp_timer_needed
                0x00087090                sys_timeouts_init
                0x00087110                sys_timeout
                0x00087378                sys_untimeout
                0x000875a4                sys_restart_timeouts
                0x00087648                sys_timeouts_mbox_fetch
 .text          0x000876c4      0xf90 ./build/liblwip.a(udp.o)
                0x000876c4                udp_init
                0x00087880                udp_input
                0x00087c34                udp_send
                0x00087c8c                udp_sendto
                0x00087d24                udp_sendto_if
                0x00087e08                udp_sendto_if_src
                0x00088108                udp_bind
                0x000882b0                udp_connect
                0x000883f0                udp_disconnect
                0x0008843c                udp_recv
                0x00088478                udp_remove
                0x0008852c                udp_new
                0x0008857c                udp_new_ip_type
                0x000885a8                udp_netif_ip_addr_changed
 .text          0x00088654     0x382c ./build/liblwip.a(dhcp.o)
                0x00088bd8                dhcp_coarse_tmr
                0x00088d08                dhcp_fine_tmr
                0x000891b0                dhcp_set_struct
                0x0008928c                dhcp_cleanup
                0x0008930c                dhcp_start
                0x000894e8                dhcp_inform
                0x00089634                dhcp_network_changed
                0x00089720                dhcp_arp_reply
                0x00089e20                dhcp_renew
                0x0008a3d4                dhcp_release
                0x0008a5b0                dhcp_stop
                0x0008be00                dhcp_supplied_address
 .text          0x0008be80     0x1dbc ./build/liblwip.a(etharp.o)
                0x0008bfe8                etharp_tmr
                0x0008c994                etharp_cleanup_netif
                0x0008ca44                etharp_find_addr
                0x0008cb6c                etharp_get_entry
                0x0008cd00                etharp_input
                0x0008d164                etharp_output
                0x0008d4cc                etharp_query
                0x0008dc04                etharp_request
 .text          0x0008dc3c      0x768 ./build/liblwip.a(icmp.o)
                0x0008dc3c                icmp_input
                0x0008e160                icmp_dest_unreach
                0x0008e194                icmp_time_exceeded
 .text          0x0008e3a4      0xe64 ./build/liblwip.a(ip4.o)
                0x0008e3a4                ip4_route
                0x0008e508                ip4_input
                0x0008eabc                ip4_output_if
                0x0008eb54                ip4_output_if_src
                0x0008f148                ip4_output
 .text          0x0008f208      0x7e4 ./build/liblwip.a(ip4_addr.o)
                0x0008f208                ip4_addr_isbroadcast_u32
                0x0008f2f8                ip4_addr_netmask_valid
                0x0008f398                ipaddr_addr
                0x0008f3dc                ip4addr_aton
                0x0008f804                ip4addr_ntoa
                0x0008f838                ip4addr_ntoa_r
 .text          0x0008f9ec     0x1994 ./build/liblwip.a(ip4_frag.o)
                0x0008f9ec                ip_reass_tmr
                0x00090840                ip4_reass
                0x00090ee8                ip4_frag
 .text          0x00091380     0x181c ./build/liblwip.a(ppp.o)
                0x00091380                ppp_set_auth
                0x00091434                ppp_connect
                0x00091528                ppp_listen
                0x000915e4                ppp_close
                0x00091778                ppp_free
                0x00091834                ppp_ioctl
                0x00091bec                ppp_init
                0x00091c1c                ppp_new
                0x00091e48                ppp_start
                0x00091ef8                ppp_link_failed
                0x00091f84                ppp_link_end
                0x00092020                ppp_input
                0x0009246c                ppp_singlebuf
                0x00092580                ppp_write
                0x000925c8                ppp_link_terminated
                0x0009266c                new_phase
                0x000926e0                ppp_send_config
                0x00092788                ppp_recv_config
                0x00092830                sifaddr
                0x0009288c                cifaddr
                0x000928d8                sifvjcomp
                0x000929a0                sifup
                0x00092a58                sifdown
                0x00092ae0                get_mask
                0x00092b04                netif_set_mtu
                0x00092b70                netif_get_mtu
 .text          0x00092b9c     0x1728 ./build/liblwip.a(pppos.o)
                0x00092b9c                pppos_create
                0x000933b0                pppos_input_tcpip
                0x0009345c                pppos_input_sys
                0x000934dc                pppos_input
 .text          0x000942c4      0xdb4 ./build/liblwip.a(upap.o)
                0x00094334                upap_authwithpeer
                0x00094434                upap_authpeer
 .text          0x00095078     0x135c ./build/liblwip.a(utils.o)
                0x00095078                ppp_strlcpy
                0x00095108                ppp_strlcat
                0x00095184                ppp_slprintf
                0x000951d4                ppp_vslprintf
                0x0009604c                ppp_print_string
                0x00096264                ppp_fatal
                0x000962bc                ppp_error
                0x000962f4                ppp_warn
                0x0009632c                ppp_notice
                0x00096364                ppp_info
                0x0009639c                ppp_dbglog
 .text          0x000963d4     0x23cc ./build/liblwip.a(vj.o)
                0x000963d4                vj_compress_init
                0x000964f4                vj_compress_tcp
                0x000974cc                vj_uncompress_err
                0x00097500                vj_uncompress_uncomp
                0x000976cc                vj_uncompress_tcp
 .text          0x000987a0      0x328 ./build/liblwip.a(ethernet.o)
                0x000987a0                ethernet_input
                0x000989b4                ethernet_output
 .text          0x00098ac8     0x1130 ./build/liblwip.a(api_lib.o)
                0x00098b38                netconn_new_with_proto_and_callback
                0x00098ce8                netconn_delete
                0x00098d6c                netconn_getaddr
                0x00098e70                netconn_bind
                0x00098f24                netconn_connect
                0x00098fdc                netconn_disconnect
                0x00099060                netconn_listen_with_backlog
                0x000990e8                netconn_accept
                0x000995bc                netconn_recv_tcp_pbuf
                0x0009963c                netconn_recv
                0x000997dc                netconn_sendto
                0x0009985c                netconn_send
                0x000998ec                netconn_write_partly
                0x00099b54                netconn_close
                0x00099b80                netconn_shutdown
 .text          0x00099bf8     0x3a3c ./build/liblwip.a(api_msg.o)
                0x0009abb8                lwip_netconn_do_newconn
                0x0009ac4c                netconn_alloc
                0x0009ae08                netconn_free
                0x0009b668                lwip_netconn_do_delconn
                0x0009ba5c                lwip_netconn_do_bind
                0x0009be54                lwip_netconn_do_connect
                0x0009c1b8                lwip_netconn_do_disconnect
                0x0009c26c                lwip_netconn_do_listen
                0x0009c524                lwip_netconn_do_send
                0x0009c740                lwip_netconn_do_recv
                0x0009cea0                lwip_netconn_do_write
                0x0009d12c                lwip_netconn_do_getaddr
                0x0009d3c8                lwip_netconn_do_close
 .text          0x0009d634       0xbc ./build/liblwip.a(err.o)
                0x0009d634                err_to_errno
                0x0009d690                lwip_strerr
 .text          0x0009d6f0      0x618 ./build/liblwip.a(netbuf.o)
                0x0009d6f0                netbuf_new
                0x0009d734                netbuf_delete
                0x0009d7a0                netbuf_alloc
                0x0009d8ac                netbuf_free
                0x0009d938                netbuf_ref
                0x0009da40                netbuf_chain
                0x0009dafc                netbuf_data
                0x0009dc00                netbuf_next
                0x0009dca8                netbuf_first
 .text          0x0009dd08        0x0 ./build/liblwip.a(ip.o)
 .text          0x0009dd08      0xb0c ./build/liblwip.a(auth.o)
                0x0009dd08                link_required
                0x0009dd24                link_terminated
                0x0009dd78                link_down
                0x0009ddb4                upper_layers_down
                0x0009de8c                link_established
                0x0009e16c                start_networks
                0x0009e198                continue_networks
                0x0009e250                auth_check_passwd
                0x0009e37c                auth_peer_fail
                0x0009e3b4                auth_peer_success
                0x0009e4b8                auth_withpeer_fail
                0x0009e4f0                auth_withpeer_success
                0x0009e628                np_up
                0x0009e678                np_down
                0x0009e6c8                np_finished
                0x0009e71c                get_secret
 .text          0x0009e814     0x120c ./build/liblwip.a(chap-new.o)
                0x0009e8e8                chap_auth_peer
                0x0009e9f8                chap_auth_with_peer
 .text          0x0009fa20     0x2f14 ./build/liblwip.a(ipcp.o)
 .text          0x000a2934     0x4804 ./build/liblwip.a(lcp.o)
                0x000a2abc                lcp_open
                0x000a2b6c                lcp_close
                0x000a2c3c                lcp_lowerup
                0x000a2d74                lcp_lowerdown
                0x000a3168                lcp_sprotrej
 .text          0x000a7138      0x238 ./build/liblwip.a(magic.o)
                0x000a7200                magic_init
                0x000a7218                magic_randomize
                0x000a7230                magic_random_bytes
                0x000a7308                magic
                0x000a7334                magic_pow
 .text          0x000a7370     0x1dfc ./build/liblwip.a(md5.o)
                0x000a7370                md5_starts
                0x000a8cd0                md5_update
                0x000a8e4c                md5_finish
                0x000a911c                md5
 .text          0x000a916c      0x228 ./build/liblwip.a(chap-md5.o)
 .text          0x000a9394     0x1a2c ./build/liblwip.a(fsm.o)
                0x000a9394                fsm_init
                0x000a93fc                fsm_lowerup
                0x000a9480                fsm_lowerdown
                0x000a9590                fsm_open
                0x000a982c                fsm_close
                0x000a9b4c                fsm_input
                0x000aa790                fsm_protreject
                0x000aabf0                fsm_sdata
 .text          0x000aadc0      0x448 ./build/libfreertos.a(AsyncIO.o)
                0x000aadc0                lAsyncIORegisterCallback
                0x000aae80                vAsyncIOUnregisterCallback
                0x000aaf58                prvSignalHandler
                0x000ab0dc                prvRegisterSignalHandler
 .text          0x000ab208      0x1c8 ./build/libfreertos.a(AsyncIOSerial.o)
                0x000ab208                lAsyncIOSerialOpen
                0x000ab310                vAsyncSerialIODataAvailableISR
 .text          0x000ab3d0      0x758 ./build/libfreertos.a(croutine.o)
                0x000ab3d0                xCoRoutineCreate
                0x000ab538                vCoRoutineAddToDelayedList
                0x000ab618                prvCheckPendingReadyList
                0x000ab6f8                prvCheckDelayedList
                0x000ab8b8                vCoRoutineSchedule
                0x000ab9e0                prvInitialiseCoRoutineLists
                0x000aba84                xCoRoutineRemoveFromEventList
 .text          0x000abb28      0x288 ./build/libfreertos.a(list.o)
                0x000abb28                vListInitialise
                0x000abb8c                vListInitialiseItem
                0x000abbb4                vListInsertEnd
                0x000abc48                vListInsert
                0x000abd1c                vListRemove
 .text          0x000abdb0     0x11bc ./build/libfreertos.a(queue.o)
                0x000abdb0                xQueueCreate
                0x000abef0                xQueueCreateMutex
                0x000abfc4                xQueueGiveMutexRecursive
                0x000ac048                xQueueTakeMutexRecursive
                0x000ac0dc                xQueueCreateCountingSemaphore
                0x000ac128                xQueueGenericSend
                0x000ac2d8                xQueueGenericSendFromISR
                0x000ac3b8                xQueueGenericReceive
                0x000ac60c                xQueueReceiveFromISR
                0x000ac6f0                uxQueueMessagesWaiting
                0x000ac724                uxQueueMessagesWaitingFromISR
                0x000ac754                vQueueDelete
                0x000acab8                xQueueIsQueueEmptyFromISR
                0x000acb44                xQueueIsQueueFullFromISR
                0x000acb8c                xQueueCRSend
                0x000acc80                xQueueCRReceive
                0x000acdd0                xQueueCRSendFromISR
                0x000ace60                xQueueCRReceiveFromISR
 .text          0x000acf6c     0x2620 ./build/libfreertos.a(tasks.o)
                0x000acf6c                xTaskGenericCreate
                0x000ad1bc                vTaskDelete
                0x000ad2c0                vTaskDelayUntil
                0x000ad434                vTaskDelay
                0x000ad51c                uxTaskPriorityGet
                0x000ad574                vTaskPrioritySet
                0x000ad73c                vTaskSuspend
                0x000ad7f4                xTaskIsTaskSuspended
                0x000ad870                vTaskResume
                0x000ad964                xTaskResumeFromISR
                0x000ada78                vTaskStartScheduler
                0x000adb04                vTaskEndScheduler
                0x000adb28                vTaskSuspendAll
                0x000adb54                xTaskResumeAll
                0x000add0c                xTaskGetTickCount
                0x000add40                uxTaskGetNumberOfTasks
                0x000add64                vTaskList
                0x000adee8                vTaskGetRunTimeStats
                0x000ae074                vTaskStartTrace
                0x000ae0e4                ulTaskEndTrace
                0x000ae13c                vTaskIncrementTick
                0x000ae2bc                vTaskCleanUpResources
                0x000ae550                vTaskSetApplicationTaskTag
                0x000ae5a8                xTaskGetApplicationTaskTag
                0x000ae604                xTaskCallApplicationTaskHook
                0x000ae680                vTaskSwitchContext
                0x000ae890                vTaskPlaceOnEventList
                0x000ae990                xTaskRemoveFromEventList
                0x000aeac0                vTaskSetTimeOutState
                0x000aeb04                xTaskCheckForTimeOut
                0x000aebf8                vTaskMissedYield
                0x000aec1c                prvIdleTask
                0x000aec50                prvInitialiseTCBVariables
                0x000aed24                prvInitialiseTaskLists
                0x000aede0                prvCheckTasksWaitingTermination
                0x000aeeb4                prvAllocateTCBAndStack
                0x000aef68                prvListTaskWithinSingleList
                0x000af0b8                prvGenerateRunTimeStatsForTasksInList
                0x000af264                usTaskCheckFreeStackSpace
                0x000af2c0                prvDeleteTCB
                0x000af2f0                xTaskGetCurrentTaskHandle
                0x000af320                xTaskGetSchedulerState
                0x000af388                vTaskPriorityInherit
                0x000af4b0                vTaskPriorityDisinherit
 .text          0x000af58c     0x12ac ./build/libfreertos.a(port.o)
                0x000af58c                pxPortInitialiseStack
                0x000af6e0                vPortStartFirstTask
                0x000af71c                xPortStartScheduler
                0x000af858                vPortEndScheduler
                0x000af918                vPortYieldFromISR
                0x000af93c                vPortEnterCritical
                0x000af964                vPortExitCritical
                0x000af9d0                vPortYield
                0x000afa80                vPortDisableInterrupts
                0x000afaa4                vPortEnableInterrupts
                0x000afac8                xPortSetInterruptMask
                0x000afb04                vPortClearInterruptMask
                0x000afbc8                vPortSystemTickHandler
                0x000afce4                vPortForciblyEndThread
                0x000b0634                vPortAddTaskHandle
                0x000b07d4                vPortFindTicksPerSecond
                0x000b0808                ulPortGetTimerValue
 .text          0x000b0838       0x6c ./build/libfreertos.a(heap_3.o)
                0x000b0838                pvPortMalloc
                0x000b0870                vPortFree
 .text          0x000b08a4      0x478 ./build/libfreertos.a(crhook.o)
                0x000b08a4                vStartHookCoRoutines
                0x000b095c                vApplicationTickHook
                0x000b0ce4                xAreHookCoRoutinesStillRunning
 .text          0x000b0d1c      0x180 ./build/libfreertos.a(ParTest.o)
                0x000b0d1c                vParTestInitialise
                0x000b0d40                vParTestSetLED
                0x000b0de8                vParTestToggleLED
 .text          0x000b0e9c     0x1b94 ./build/libfatfs.a(fs_port.o)
                0x000b0f24                do_fs
                0x000b15e0                fs_init
                0x000b173c                fs_open
                0x000b184c                fs_close
                0x000b1938                fs_read
                0x000b1a5c                fs_write
                0x000b1b80                fs_opendir
                0x000b1c7c                fs_closedir
                0x000b1d68                fs_readdir
                0x000b1e64                fs_getfree
                0x000b1f8c                fs_unlink
                0x000b2078                fs_stat
                0x000b2174                fs_findfirst
                0x000b2290                fs_findnext
                0x000b238c                fs_mkdir
                0x000b2478                fs_chdir
                0x000b2564                fs_getcwd
                0x000b2660                fs_rename
                0x000b275c                fs_lseek
                0x000b2858                fs_truncate
                0x000b2944                fs_sync
 .text          0x000b2a30     0x7c18 ./build/libfatfs.a(ff.o)
                0x000b6c60                f_mount
                0x000b6d48                f_open
                0x000b7260                f_read
                0x000b76e4                f_write
                0x000b7c24                f_sync
                0x000b7de0                f_close
                0x000b7e48                f_chdir
                0x000b7f30                f_getcwd
                0x000b8224                f_lseek
                0x000b86b0                f_opendir
                0x000b87f8                f_closedir
                0x000b8848                f_readdir
                0x000b8910                f_findnext
                0x000b89a4                f_findfirst
                0x000b8a08                f_stat
                0x000b8ab4                f_getfree
                0x000b8d34                f_truncate
                0x000b8f64                f_unlink
                0x000b9164                f_mkdir
                0x000b94c4                f_rename
                0x000b976c                f_mkfs
 .text          0x000ba648      0x344 ./build/libfatfs.a(cc950.o)
                0x000ba648                ff_convert
                0x000ba7ac                ff_wtoupper
 .text          0x000ba98c       0xb4 ./build/libfatfs.a(fattime.o)
                0x000ba98c                get_fattime
 .text          0x000baa40      0x23c ./build/libfatfs.a(diskio.o)
                0x000baa40                disk_status
                0x000baaa4                disk_initialize
                0x000bab08                disk_read
                0x000bab84                disk_write
                0x000bac00                disk_ioctl
 .text          0x000bac7c      0x2c0 ./build/libfatfs.a(ramdisk.o)
                0x000bac7c                RAM_disk_status
                0x000baca4                RAM_disk_initialize
                0x000bad48                RAM_disk_read
                0x000badd8                RAM_disk_write
                0x000bae68                RAM_disk_ioctl
 .text          0x000baf3c      0x20c /usr/lib/gcc/arm-linux-gnueabihf/4.9/libgcc.a(_udivsi3.o)
                0x000baf3c                __aeabi_uidiv
                0x000baf3c                __udivsi3
                0x000bb128                __aeabi_uidivmod
 .text          0x000bb148      0x240 /usr/lib/gcc/arm-linux-gnueabihf/4.9/libgcc.a(_divsi3.o)
                0x000bb148                __divsi3
                0x000bb148                __aeabi_idiv
                0x000bb368                __aeabi_idivmod
 .text          0x000bb388      0x3b8 /usr/lib/gcc/arm-linux-gnueabihf/4.9/libgcc.a(_arm_addsubdf3.o)
                0x000bb388                __aeabi_drsub
                0x000bb390                __aeabi_dsub
                0x000bb390                __subdf3
                0x000bb394                __adddf3
                0x000bb394                __aeabi_dadd
                0x000bb640                __floatunsidf
                0x000bb640                __aeabi_ui2d
                0x000bb664                __aeabi_i2d
                0x000bb664                __floatsidf
                0x000bb68c                __aeabi_f2d
                0x000bb68c                __extendsfdf2
                0x000bb6cc                __aeabi_ul2d
                0x000bb6cc                __floatundidf
                0x000bb6e0                __floatdidf
                0x000bb6e0                __aeabi_l2d
 .text          0x000bb740       0x10 /usr/lib/gcc/arm-linux-gnueabihf/4.9/libgcc.a(_dvmd_lnx.o)
                0x000bb740                __aeabi_ldiv0
                0x000bb740                __aeabi_idiv0
 .text          0x000bb750       0x2c /usr/lib/gcc/arm-linux-gnueabihf/4.9/libgcc.a(_fixdfdi.o)
                0x000bb750                __aeabi_d2lz
                0x000bb750                __fixdfdi
 *fill*         0x000bb77c        0x4 
 .text          0x000bb780       0x48 /usr/lib/gcc/arm-linux-gnueabihf/4.9/libgcc.a(_fixunsdfdi.o)
                0x000bb780                __aeabi_d2ulz
                0x000bb780                __fixunsdfdi
 .text          0x000bb7c8       0x68 /usr/lib/arm-linux-gnueabihf/libc_nonshared.a(elf-init.oS)
                0x000bb7c8                __libc_csu_init
                0x000bb82c                __libc_csu_fini
 .text          0x000bb830       0x2c /usr/lib/arm-linux-gnueabihf/libc_nonshared.a(atexit.oS)
                0x000bb830                atexit
 .text          0x000bb85c        0x0 /usr/lib/gcc/arm-linux-gnueabihf/4.9/crtend.o
 .text          0x000bb85c        0x0 /usr/lib/gcc/arm-linux-gnueabihf/4.9/../../../arm-linux-gnueabihf/crtn.o
 *(.gnu.warning)
 *(.glue_7t)
 .glue_7t       0x000bb85c        0x0 linker stubs
 *(.glue_7)
 .glue_7        0x000bb85c        0x0 linker stubs
 *(.vfp11_veneer)
 .vfp11_veneer  0x000bb85c        0x0 linker stubs
 *(.v4_bx)
 .v4_bx         0x000bb85c        0x0 linker stubs

.fini           0x000bb85c        0x8
 *(SORT(.fini))
 .fini          0x000bb85c        0x4 /usr/lib/gcc/arm-linux-gnueabihf/4.9/../../../arm-linux-gnueabihf/crti.o
                0x000bb85c                _fini
 .fini          0x000bb860        0x4 /usr/lib/gcc/arm-linux-gnueabihf/4.9/../../../arm-linux-gnueabihf/crtn.o
                0x000bb864                PROVIDE (__etext, .)
                0x000bb864                PROVIDE (_etext, .)
                0x000bb864                PROVIDE (etext, .)

.rodata         0x000bb864    0x25520
 *(.rodata .rodata.* .gnu.linkonce.r.*)
 .rodata.cst4   0x000bb864        0x4 /usr/lib/gcc/arm-linux-gnueabihf/4.9/../../../arm-linux-gnueabihf/crt1.o
                0x000bb864                _IO_stdin_used
 .rodata        0x000bb868       0x44 /tmp/ccaAoCVE.o
 .rodata        0x000bb8ac       0xf4 ./build/libshell.a(console.o)
 .rodata        0x000bb9a0       0x10 ./build/libshell.a(parser.o)
 .rodata        0x000bb9b0      0x630 ./build/libshell.a(cmd.o)
 .rodata        0x000bbfe0      0x2b0 ./build/libapp.a(tcpecho.o)
 .rodata        0x000bc290      0x138 ./build/libapp.a(ping.o)
 .rodata        0x000bc3c8        0x4 ./build/libapp.a(cmdnet.o)
 .rodata        0x000bc3cc       0x9c ./build/libapp.a(cmdduktape.o)
 .rodata        0x000bc468     0x4108 ./build/libapp.a(duktape.o)
                0x000bf6f4                duk_unicode_ids_noa
                0x000bfb00                duk_unicode_ids_m_let_noa
                0x000bfb2c                duk_unicode_idp_m_ids_noa
                0x000bfd40                duk_unicode_caseconv_uc
                0x000c02ac                duk_unicode_caseconv_lc
 .rodata        0x000c0570      0x2f4 ./build/libapp.a(cmdfs.o)
 .rodata        0x000c0864      0x864 ./build/libsys.a(sys.o)
                0x000c0884                baudrate
                0x000c0894                PPP_User
                0x000c0994                PPP_Pass
 .rodata        0x000c10c8      0x274 ./build/libsys.a(util.o)
 .rodata        0x000c133c      0x200 ./build/libsys.a(crc16.o)
 .rodata        0x000c153c       0x90 ./build/liblwip.a(network.o)
 .rodata        0x000c15cc      0x258 ./build/liblwip.a(sockets.o)
 .rodata        0x000c1824       0xc0 ./build/liblwip.a(tcpip.o)
 .rodata        0x000c18e4       0x48 ./build/liblwip.a(def.o)
 .rodata        0x000c192c       0x54 ./build/liblwip.a(inet_chksum.o)
 .rodata        0x000c1980      0x200 ./build/liblwip.a(mem.o)
 .rodata        0x000c1b80      0x28c ./build/liblwip.a(memp.o)
                0x000c1b88                memp_RAW_PCB
                0x000c1ba0                memp_UDP_PCB
                0x000c1bb8                memp_TCP_PCB
                0x000c1bd8                memp_TCP_PCB_LISTEN
                0x000c1bf0                memp_TCP_SEG
                0x000c1c0c                memp_REASSDATA
                0x000c1c28                memp_FRAG_PBUF
                0x000c1c40                memp_NETBUF
                0x000c1c58                memp_NETCONN
                0x000c1c78                memp_TCPIP_MSG_API
                0x000c1c98                memp_TCPIP_MSG_INPKT
                0x000c1cb4                memp_SYS_TIMEOUT
                0x000c1cd4                memp_PBUF
                0x000c1cf0                memp_PBUF_POOL
                0x000c1d00                memp_pools
 .rodata        0x000c1e0c      0x2ac ./build/liblwip.a(netif.o)
 .rodata        0x000c20b8      0x4e0 ./build/liblwip.a(pbuf.o)
 .rodata        0x000c2598       0xb4 ./build/liblwip.a(raw.o)
 .rodata        0x000c264c      0x4f0 ./build/liblwip.a(tcp.o)
                0x000c2708                tcp_pcb_lists
 .rodata        0x000c2b3c      0x370 ./build/liblwip.a(tcp_in.o)
 .rodata        0x000c2eac      0x488 ./build/liblwip.a(tcp_out.o)
 .rodata        0x000c3334       0xac ./build/liblwip.a(timeouts.o)
                0x000c3334                lwip_cyclic_timers
 .rodata        0x000c33e0       0x84 ./build/liblwip.a(udp.o)
 .rodata        0x000c3464      0x4fc ./build/liblwip.a(dhcp.o)
 .rodata        0x000c3960      0x250 ./build/liblwip.a(etharp.o)
 .rodata        0x000c3bb0       0xe0 ./build/liblwip.a(icmp.o)
 .rodata        0x000c3c90       0x80 ./build/liblwip.a(ip4.o)
 .rodata        0x000c3d10       0x60 ./build/liblwip.a(ip4_addr.o)
                0x000c3d10                ip_addr_any
                0x000c3d14                ip_addr_broadcast
 .rodata        0x000c3d70      0x208 ./build/liblwip.a(ip4_frag.o)
 .rodata        0x000c3f78      0x4c8 ./build/liblwip.a(ppp.o)
                0x000c3f80                memp_PPP_PCB
                0x000c3f90                protocols
 .rodata        0x000c4440      0x4d8 ./build/liblwip.a(pppos.o)
                0x000c444c                memp_PPPOS_PCB
 .rodata        0x000c4918      0x148 ./build/liblwip.a(upap.o)
                0x000c4918                pap_protent
 .rodata        0x000c4a60       0x88 ./build/liblwip.a(utils.o)
 .rodata        0x000c4ae8      0x1c0 ./build/liblwip.a(vj.o)
 .rodata        0x000c4ca8       0x8c ./build/liblwip.a(ethernet.o)
                0x000c4ca8                ethbroadcast
                0x000c4cb0                ethzero
 .rodata        0x000c4d34      0x2cc ./build/liblwip.a(api_lib.o)
 .rodata        0x000c5000      0x4b0 ./build/liblwip.a(api_msg.o)
 .rodata        0x000c54b0      0x190 ./build/liblwip.a(err.o)
 .rodata        0x000c5640      0x180 ./build/liblwip.a(netbuf.o)
 .rodata        0x000c57c0      0x19c ./build/liblwip.a(auth.o)
 .rodata        0x000c595c      0x1c0 ./build/liblwip.a(chap-new.o)
                0x000c5afc                chap_protent
 .rodata        0x000c5b1c      0x1c0 ./build/liblwip.a(ipcp.o)
                0x000c5b60                ipcp_protent
 .rodata        0x000c5cdc      0x254 ./build/liblwip.a(lcp.o)
                0x000c5d1c                lcp_protent
 .rodata        0x000c5f30       0x40 ./build/liblwip.a(md5.o)
 .rodata        0x000c5f70       0x38 ./build/liblwip.a(chap-md5.o)
                0x000c5f90                md5_digest
 .rodata        0x000c5fa8      0x154 ./build/liblwip.a(fsm.o)
 .rodata        0x000c60fc       0x5c ./build/libfreertos.a(AsyncIO.o)
 .rodata        0x000c6158       0x38 ./build/libfreertos.a(AsyncIOSerial.o)
 .rodata        0x000c6190       0x50 ./build/libfreertos.a(tasks.o)
 .rodata        0x000c61e0      0x178 ./build/libfreertos.a(port.o)
 .rodata        0x000c6358      0x104 ./build/libfatfs.a(fs_port.o)
 .rodata        0x000c645c       0x78 ./build/libfatfs.a(ff.o)
 .rodata        0x000c64d4    0x1a8b0 ./build/libfatfs.a(cc950.o)

.rodata1
 *(.rodata1)

.ARM.extab      0x000e0d84        0x0
 *(.ARM.extab* .gnu.linkonce.armextab.*)
 .ARM.extab     0x000e0d84        0x0 /usr/lib/gcc/arm-linux-gnueabihf/4.9/../../../arm-linux-gnueabihf/crt1.o
                0x000e0d84                PROVIDE (__exidx_start, .)

.ARM.exidx      0x000e0d84        0x8
 *(.ARM.exidx* .gnu.linkonce.armexidx.*)
 .ARM.exidx     0x000e0d84        0x8 /usr/lib/gcc/arm-linux-gnueabihf/4.9/../../../arm-linux-gnueabihf/crt1.o
                0x000e0d8c                PROVIDE (__exidx_end, .)

.eh_frame_hdr   0x000e0d8c        0x0
 *(.eh_frame_hdr)
 .eh_frame_hdr  0x000e0d8c        0x0 /usr/lib/gcc/arm-linux-gnueabihf/4.9/../../../arm-linux-gnueabihf/crtn.o

.eh_frame       0x000e0d8c        0x4
 *(.eh_frame)
 .eh_frame      0x000e0d8c        0x4 /usr/lib/gcc/arm-linux-gnueabihf/4.9/crtend.o

.gcc_except_table
 *(.gcc_except_table .gcc_except_table.*)

.exception_ranges
 *(.exception_ranges .exception_ranges*)
                0x000e0d90                . = (ALIGN (0x10000) - ((0x10000 - .) & 0xffff))
                0x000f1000                . = DATA_SEGMENT_ALIGN (0x10000, 0x1000)

.eh_frame
 *(.eh_frame)

.gcc_except_table
 *(.gcc_except_table .gcc_except_table.*)

.exception_ranges
 *(.exception_ranges .exception_ranges*)

.tdata
 *(.tdata .tdata.* .gnu.linkonce.td.*)

.tbss
 *(.tbss .tbss.* .gnu.linkonce.tb.*)
 *(.tcommon)

.preinit_array  0x000f1000        0x0
                0x000f1000                PROVIDE (__preinit_array_start, .)
 *(.preinit_array)
                0x000f1000                PROVIDE (__preinit_array_end, .)

.init_array     0x000f1000        0x4
                0x000f1000                PROVIDE (__init_array_start, .)
 *(SORT(.init_array.*) SORT(.ctors.*))
 *(.init_array EXCLUDE_FILE(*crtend?.o *crtend.o *crtbegin?.o *crtbegin.o) .ctors)
 .init_array    0x000f1000        0x4 /usr/lib/gcc/arm-linux-gnueabihf/4.9/crtbegin.o
                0x000f1004                PROVIDE (__init_array_end, .)

.fini_array     0x000f1004        0x4
                0x000f1004                PROVIDE (__fini_array_start, .)
 *(SORT(.fini_array.*) SORT(.dtors.*))
 *(.fini_array EXCLUDE_FILE(*crtend?.o *crtend.o *crtbegin?.o *crtbegin.o) .dtors)
 .fini_array    0x000f1004        0x4 /usr/lib/gcc/arm-linux-gnueabihf/4.9/crtbegin.o
                0x000f1008                PROVIDE (__fini_array_end, .)

.ctors
 *crtbegin.o(.ctors)
 *crtbegin?.o(.ctors)
 *(EXCLUDE_FILE(*crtend?.o *crtend.o) .ctors)
 *(SORT(.ctors.*))
 *(.ctors)

.dtors
 *crtbegin.o(.dtors)
 *crtbegin?.o(.dtors)
 *(EXCLUDE_FILE(*crtend?.o *crtend.o) .dtors)
 *(SORT(.dtors.*))
 *(.dtors)

.jcr            0x000f1008        0x4
 *(.jcr)
 .jcr           0x000f1008        0x0 /usr/lib/gcc/arm-linux-gnueabihf/4.9/crtbegin.o
 .jcr           0x000f1008        0x4 /usr/lib/gcc/arm-linux-gnueabihf/4.9/crtend.o

.data.rel.ro
 *(.data.rel.ro.local* .gnu.linkonce.d.rel.ro.local.*)
 *(.data.rel.ro .data.rel.ro.* .gnu.linkonce.d.rel.ro.*)

.dynamic        0x000f100c       0xf8
 *(.dynamic)
 .dynamic       0x000f100c       0xf8 /usr/lib/gcc/arm-linux-gnueabihf/4.9/../../../arm-linux-gnueabihf/crt1.o
                0x000f100c                _DYNAMIC
                0x000f1104                . = DATA_SEGMENT_RELRO_END (., 0x0)

.got            0x000f1104      0x1e8
 *(.got.plt)
 .got.plt       0x000f1104      0x1e0 /usr/lib/gcc/arm-linux-gnueabihf/4.9/../../../arm-linux-gnueabihf/crt1.o
                0x000f1104                _GLOBAL_OFFSET_TABLE_
 *(.igot.plt)
 .igot.plt      0x000f12e4        0x0 /usr/lib/gcc/arm-linux-gnueabihf/4.9/../../../arm-linux-gnueabihf/crt1.o
 *(.got)
 .got           0x000f12e4        0x8 /usr/lib/gcc/arm-linux-gnueabihf/4.9/../../../arm-linux-gnueabihf/crt1.o
 *(.igot)

.data           0x000f12ec      0x569
                0x000f12ec                PROVIDE (__data_start, .)
 *(.data .data.* .gnu.linkonce.d.*)
 .data          0x000f12ec        0x4 /usr/lib/gcc/arm-linux-gnueabihf/4.9/../../../arm-linux-gnueabihf/crt1.o
                0x000f12ec                data_start
                0x000f12ec                __data_start
 .data          0x000f12f0        0x0 /usr/lib/gcc/arm-linux-gnueabihf/4.9/../../../arm-linux-gnueabihf/crti.o
 .data          0x000f12f0        0x4 /usr/lib/gcc/arm-linux-gnueabihf/4.9/crtbegin.o
                0x000f12f0                __dso_handle
 .data          0x000f12f4        0x4 /tmp/ccaAoCVE.o
                0x000f12f4                software_version
 .data          0x000f12f8        0x0 ./build/libshell.a(console.o)
 .data          0x000f12f8       0x10 ./build/libshell.a(parser.o)
                0x000f12f8                whitesp
                0x000f12fc                breakch
                0x000f1300                quotech
                0x000f1304                escape
 .data          0x000f1308      0x1a0 ./build/libshell.a(cmd.o)
                0x000f1308                commands
 .data          0x000f14a8        0x0 ./build/libapp.a(app.o)
 .data          0x000f14a8      0x208 ./build/libapp.a(tcpecho.o)
 .data          0x000f16b0        0x4 ./build/libapp.a(ping.o)
 .data          0x000f16b4        0x0 ./build/libapp.a(cmdnet.o)
 .data          0x000f16b4        0x0 ./build/libapp.a(cmdduktape.o)
 .data          0x000f16b4       0xc0 ./build/libapp.a(duktape.o)
 .data          0x000f1774        0x0 ./build/libapp.a(cmdfs.o)
 .data          0x000f1774       0x60 ./build/libsys.a(sys.o)
                0x000f17b8                baudstr
                0x000f17c8                baudid
                0x000f17cc                debug_flags
 .data          0x000f17d4        0x0 ./build/libsys.a(util.o)
 .data          0x000f17d4        0x0 ./build/libsys.a(xmodem.o)
 .data          0x000f17d4        0x0 ./build/libsys.a(crc16.o)
 .data          0x000f17d4        0x0 ./build/liblwip.a(network.o)
 .data          0x000f17d4        0x0 ./build/liblwip.a(sys_arch.o)
 .data          0x000f17d4        0x0 ./build/liblwip.a(sockets.o)
 .data          0x000f17d4        0x0 ./build/liblwip.a(tcpip.o)
 .data          0x000f17d4        0x0 ./build/liblwip.a(def.o)
 .data          0x000f17d4        0x0 ./build/liblwip.a(inet_chksum.o)
 .data          0x000f17d4        0x0 ./build/liblwip.a(init.o)
 .data          0x000f17d4        0x0 ./build/liblwip.a(mem.o)
 .data          0x000f17d4        0x0 ./build/liblwip.a(memp.o)
 .data          0x000f17d4        0x0 ./build/liblwip.a(netif.o)
 .data          0x000f17d4        0x0 ./build/liblwip.a(pbuf.o)
 .data          0x000f17d4        0x0 ./build/liblwip.a(raw.o)
 .data          0x000f17d4        0x8 ./build/liblwip.a(tcp.o)
 .data          0x000f17dc        0x0 ./build/liblwip.a(tcp_in.o)
 .data          0x000f17dc        0x0 ./build/liblwip.a(tcp_out.o)
 .data          0x000f17dc        0x0 ./build/liblwip.a(timeouts.o)
 .data          0x000f17dc        0x2 ./build/liblwip.a(udp.o)
 *fill*         0x000f17de        0x2 
 .data          0x000f17e0        0x4 ./build/liblwip.a(dhcp.o)
 .data          0x000f17e4        0x0 ./build/liblwip.a(etharp.o)
 .data          0x000f17e4        0x0 ./build/liblwip.a(icmp.o)
 .data          0x000f17e4        0x0 ./build/liblwip.a(ip4.o)
 .data          0x000f17e4        0x0 ./build/liblwip.a(ip4_addr.o)
 .data          0x000f17e4        0x0 ./build/liblwip.a(ip4_frag.o)
 .data          0x000f17e4        0x0 ./build/liblwip.a(ppp.o)
 .data          0x000f17e4        0x0 ./build/liblwip.a(pppos.o)
 .data          0x000f17e4        0x0 ./build/liblwip.a(upap.o)
 .data          0x000f17e4       0x14 ./build/liblwip.a(utils.o)
 .data          0x000f17f8        0x0 ./build/liblwip.a(vj.o)
 .data          0x000f17f8        0x0 ./build/liblwip.a(ethernet.o)
 .data          0x000f17f8        0x0 ./build/liblwip.a(api_lib.o)
 .data          0x000f17f8        0x0 ./build/liblwip.a(api_msg.o)
 .data          0x000f17f8       0x44 ./build/liblwip.a(err.o)
 .data          0x000f183c        0x0 ./build/liblwip.a(netbuf.o)
 .data          0x000f183c        0x0 ./build/liblwip.a(ip.o)
 .data          0x000f183c        0x0 ./build/liblwip.a(auth.o)
 .data          0x000f183c        0x0 ./build/liblwip.a(chap-new.o)
 .data          0x000f183c        0x0 ./build/liblwip.a(ipcp.o)
 .data          0x000f183c        0x0 ./build/liblwip.a(lcp.o)
 .data          0x000f183c        0x0 ./build/liblwip.a(magic.o)
 .data          0x000f183c        0x0 ./build/liblwip.a(md5.o)
 .data          0x000f183c        0x0 ./build/liblwip.a(chap-md5.o)
 .data          0x000f183c        0x0 ./build/liblwip.a(fsm.o)
 .data          0x000f183c       0x10 ./build/libfreertos.a(AsyncIO.o)
 .data          0x000f184c        0x0 ./build/libfreertos.a(AsyncIOSerial.o)
 .data          0x000f184c        0x0 ./build/libfreertos.a(croutine.o)
 .data          0x000f184c        0x0 ./build/libfreertos.a(list.o)
 .data          0x000f184c        0x0 ./build/libfreertos.a(queue.o)
 .data          0x000f184c        0x4 ./build/libfreertos.a(tasks.o)
                0x000f184c                uxPreviousTask
 .data          0x000f1850        0x4 ./build/libfreertos.a(port.o)
 .data          0x000f1854        0x0 ./build/libfreertos.a(heap_3.o)
 .data          0x000f1854        0x0 ./build/libfreertos.a(crhook.o)
 .data          0x000f1854        0x0 ./build/libfreertos.a(ParTest.o)
 .data          0x000f1854        0x0 ./build/libfatfs.a(fs_port.o)
 .data          0x000f1854        0x0 ./build/libfatfs.a(ff.o)
 .data          0x000f1854        0x0 ./build/libfatfs.a(cc950.o)
 .data          0x000f1854        0x0 ./build/libfatfs.a(fattime.o)
 .data          0x000f1854        0x0 ./build/libfatfs.a(diskio.o)
 .data          0x000f1854        0x1 ./build/libfatfs.a(ramdisk.o)
 .data          0x000f1855        0x0 /usr/lib/gcc/arm-linux-gnueabihf/4.9/libgcc.a(_udivsi3.o)
 .data          0x000f1855        0x0 /usr/lib/gcc/arm-linux-gnueabihf/4.9/libgcc.a(_divsi3.o)
 .data          0x000f1855        0x0 /usr/lib/gcc/arm-linux-gnueabihf/4.9/libgcc.a(_arm_addsubdf3.o)
 .data          0x000f1855        0x0 /usr/lib/gcc/arm-linux-gnueabihf/4.9/libgcc.a(_dvmd_lnx.o)
 .data          0x000f1855        0x0 /usr/lib/gcc/arm-linux-gnueabihf/4.9/libgcc.a(_fixdfdi.o)
 .data          0x000f1855        0x0 /usr/lib/gcc/arm-linux-gnueabihf/4.9/libgcc.a(_fixunsdfdi.o)
 .data          0x000f1855        0x0 /usr/lib/arm-linux-gnueabihf/libc_nonshared.a(elf-init.oS)
 .data          0x000f1855        0x0 /usr/lib/arm-linux-gnueabihf/libc_nonshared.a(atexit.oS)
 .data          0x000f1855        0x0 /usr/lib/gcc/arm-linux-gnueabihf/4.9/crtend.o
 .data          0x000f1855        0x0 /usr/lib/gcc/arm-linux-gnueabihf/4.9/../../../arm-linux-gnueabihf/crtn.o

.tm_clone_table
                0x000f1858        0x0
 .tm_clone_table
                0x000f1858        0x0 /usr/lib/gcc/arm-linux-gnueabihf/4.9/crtbegin.o
 .tm_clone_table
                0x000f1858        0x0 /usr/lib/gcc/arm-linux-gnueabihf/4.9/crtend.o

.data1
 *(.data1)
                0x000f1858                _edata = .
                0x000f1858                PROVIDE (edata, .)
                0x000f1858                . = .
                0x000f1858                __bss_start = .
                0x000f1858                __bss_start__ = .

.bss            0x000f1858    0x1970c
 *(.dynbss)
 .dynbss        0x000f1858       0x18 /usr/lib/gcc/arm-linux-gnueabihf/4.9/../../../arm-linux-gnueabihf/crt1.o
                0x000f1858                optind@@GLIBC_2.4
                0x000f1860                stderr@@GLIBC_2.4
                0x000f1864                stdout@@GLIBC_2.4
                0x000f1868                opterr@@GLIBC_2.4
                0x000f186c                optarg@@GLIBC_2.4
 *(.bss .bss.* .gnu.linkonce.b.*)
 .bss           0x000f1870        0x0 /usr/lib/gcc/arm-linux-gnueabihf/4.9/../../../arm-linux-gnueabihf/crt1.o
 .bss           0x000f1870        0x0 /usr/lib/gcc/arm-linux-gnueabihf/4.9/../../../arm-linux-gnueabihf/crti.o
 .bss           0x000f1870        0x1 /usr/lib/gcc/arm-linux-gnueabihf/4.9/crtbegin.o
 .bss           0x000f1871        0x0 /tmp/ccaAoCVE.o
 *fill*         0x000f1871        0x3 
 .bss           0x000f1874        0xc ./build/libshell.a(console.o)
                0x000f1874                history_id
                0x000f1878                do_exit
 .bss           0x000f1880        0x0 ./build/libshell.a(parser.o)
 .bss           0x000f1880        0x0 ./build/libshell.a(cmd.o)
 .bss           0x000f1880        0x0 ./build/libapp.a(app.o)
 .bss           0x000f1880        0xc ./build/libapp.a(tcpecho.o)
 .bss           0x000f188c       0x10 ./build/libapp.a(ping.o)
 .bss           0x000f189c        0x0 ./build/libapp.a(cmdnet.o)
 .bss           0x000f189c        0x0 ./build/libapp.a(cmdduktape.o)
 .bss           0x000f189c        0x8 ./build/libapp.a(duktape.o)
                0x000f189c                duk_api_global_filename
                0x000f18a0                duk_api_global_line
 .bss           0x000f18a4      0x800 ./build/libapp.a(cmdfs.o)
 .bss           0x000f20a4       0x20 ./build/libsys.a(sys.o)
 .bss           0x000f20c4        0x8 ./build/libsys.a(util.o)
                0x000f20c4                uxQueueSendPassedCount
                0x000f20c8                show_type
 .bss           0x000f20cc        0x0 ./build/libsys.a(xmodem.o)
 .bss           0x000f20cc        0x0 ./build/libsys.a(crc16.o)
 .bss           0x000f20cc        0x0 ./build/liblwip.a(network.o)
 .bss           0x000f20cc       0x7c ./build/liblwip.a(sys_arch.o)
 .bss           0x000f2148       0xd0 ./build/liblwip.a(sockets.o)
 .bss           0x000f2218        0xc ./build/liblwip.a(tcpip.o)
 .bss           0x000f2224        0x0 ./build/liblwip.a(def.o)
 .bss           0x000f2224        0x0 ./build/liblwip.a(inet_chksum.o)
 .bss           0x000f2224        0x0 ./build/liblwip.a(init.o)
 .bss           0x000f2224       0x10 ./build/liblwip.a(mem.o)
 .bss           0x000f2234       0x38 ./build/liblwip.a(memp.o)
 .bss           0x000f226c       0x44 ./build/liblwip.a(netif.o)
 .bss           0x000f22b0        0x0 ./build/liblwip.a(pbuf.o)
 .bss           0x000f22b0        0x4 ./build/liblwip.a(raw.o)
 .bss           0x000f22b4        0x2 ./build/liblwip.a(tcp.o)
 *fill*         0x000f22b6        0x2 
 .bss           0x000f22b8       0x38 ./build/liblwip.a(tcp_in.o)
 .bss           0x000f22f0        0x0 ./build/liblwip.a(tcp_out.o)
 .bss           0x000f22f0        0xc ./build/liblwip.a(timeouts.o)
 .bss           0x000f22fc        0x0 ./build/liblwip.a(udp.o)
 .bss           0x000f22fc        0xc ./build/liblwip.a(dhcp.o)
 .bss           0x000f2308       0xf4 ./build/liblwip.a(etharp.o)
 .bss           0x000f23fc        0x0 ./build/liblwip.a(icmp.o)
 .bss           0x000f23fc        0x2 ./build/liblwip.a(ip4.o)
 *fill*         0x000f23fe        0x2 
 .bss           0x000f2400       0x10 ./build/liblwip.a(ip4_addr.o)
 .bss           0x000f2410        0x8 ./build/liblwip.a(ip4_frag.o)
 .bss           0x000f2418        0x4 ./build/liblwip.a(ppp.o)
 .bss           0x000f241c        0x4 ./build/liblwip.a(pppos.o)
 .bss           0x000f2420        0x0 ./build/liblwip.a(upap.o)
 .bss           0x000f2420        0x0 ./build/liblwip.a(utils.o)
 .bss           0x000f2420        0x0 ./build/liblwip.a(vj.o)
 .bss           0x000f2420        0x0 ./build/liblwip.a(ethernet.o)
 .bss           0x000f2420        0x0 ./build/liblwip.a(api_lib.o)
 .bss           0x000f2420        0x0 ./build/liblwip.a(api_msg.o)
 .bss           0x000f2420        0x0 ./build/liblwip.a(err.o)
 .bss           0x000f2420        0x0 ./build/liblwip.a(netbuf.o)
 .bss           0x000f2420        0x0 ./build/liblwip.a(ip.o)
 .bss           0x000f2420        0x0 ./build/liblwip.a(auth.o)
 .bss           0x000f2420        0x0 ./build/liblwip.a(chap-new.o)
 .bss           0x000f2420        0x0 ./build/liblwip.a(ipcp.o)
 .bss           0x000f2420        0x0 ./build/liblwip.a(lcp.o)
 .bss           0x000f2420       0x18 ./build/liblwip.a(magic.o)
 .bss           0x000f2438        0x0 ./build/liblwip.a(md5.o)
 .bss           0x000f2438        0x0 ./build/liblwip.a(chap-md5.o)
 .bss           0x000f2438        0x0 ./build/liblwip.a(fsm.o)
 .bss           0x000f2438        0x4 ./build/libfreertos.a(AsyncIO.o)
 .bss           0x000f243c        0x0 ./build/libfreertos.a(AsyncIOSerial.o)
 .bss           0x000f243c       0x14 ./build/libfreertos.a(croutine.o)
                0x000f243c                pxCurrentCoRoutine
                0x000f2440                uxTopCoRoutineReadyPriority
                0x000f2444                xCoRoutineTickCount
                0x000f2448                xLastTickCount
                0x000f244c                xPassedTicks
 .bss           0x000f2450        0x0 ./build/libfreertos.a(list.o)
 .bss           0x000f2450        0x0 ./build/libfreertos.a(queue.o)
 .bss           0x000f2450       0x38 ./build/libfreertos.a(tasks.o)
                0x000f2450                pxCurrentTCB
                0x000f2454                uxTasksDeleted
                0x000f2458                uxCurrentNumberOfTasks
                0x000f245c                xTickCount
                0x000f2460                uxTopUsedPriority
                0x000f2464                uxTopReadyPriority
                0x000f2468                xSchedulerRunning
                0x000f246c                uxSchedulerSuspended
                0x000f2470                uxMissedTicks
                0x000f2474                xMissedYield
                0x000f2478                xNumOfOverflows
                0x000f247c                uxTaskNumber
                0x000f2480                ulTaskSwitchedInTime
                0x000f2484                xTracing
 .bss           0x000f2488       0x78 ./build/libfreertos.a(port.o)
 .bss           0x000f2500        0x0 ./build/libfreertos.a(heap_3.o)
 .bss           0x000f2500       0x3c ./build/libfreertos.a(crhook.o)
 .bss           0x000f253c        0x1 ./build/libfreertos.a(ParTest.o)
 *fill*         0x000f253d        0x3 
 .bss           0x000f2540       0x10 ./build/libfatfs.a(fs_port.o)
 .bss           0x000f2550      0x208 ./build/libfatfs.a(ff.o)
 .bss           0x000f2758        0x0 ./build/libfatfs.a(cc950.o)
 .bss           0x000f2758        0x0 ./build/libfatfs.a(fattime.o)
 .bss           0x000f2758        0x0 ./build/libfatfs.a(diskio.o)
 .bss           0x000f2758        0x4 ./build/libfatfs.a(ramdisk.o)
 .bss           0x000f275c        0x0 /usr/lib/gcc/arm-linux-gnueabihf/4.9/libgcc.a(_udivsi3.o)
 .bss           0x000f275c        0x0 /usr/lib/gcc/arm-linux-gnueabihf/4.9/libgcc.a(_divsi3.o)
 .bss           0x000f275c        0x0 /usr/lib/gcc/arm-linux-gnueabihf/4.9/libgcc.a(_arm_addsubdf3.o)
 .bss           0x000f275c        0x0 /usr/lib/gcc/arm-linux-gnueabihf/4.9/libgcc.a(_dvmd_lnx.o)
 .bss           0x000f275c        0x0 /usr/lib/gcc/arm-linux-gnueabihf/4.9/libgcc.a(_fixdfdi.o)